2026-09-07 10:27:58.239 INFO   Freerouting v2.1.0 (build-date: 2025-04-12)
2026-09-07 10:28:06.334 WARN   No default constructor found for field: currentLocale
2026-09-07 10:28:06.336 INFO   Settings were loaded from freerouting.json
java.util.concurrent.CompletionException: java.net.ConnectException: Permission denied: getsockopt
	at java.base/java.util.concurrent.CompletableFuture.encodeRelay(Unknown Source)
	at java.base/java.util.concurrent.CompletableFuture.completeRelay(Unknown Source)
	at java.base/java.util.concurrent.CompletableFuture$UniCompose.tryFire(Unknown Source)
	at java.base/java.util.concurrent.CompletableFuture.postComplete(Unknown Source)
	at java.base/java.util.concurrent.CompletableFuture.completeExceptionally(Unknown Source)
	at java.net.http/jdk.internal.net.http.PlainHttpConnection$ConnectEvent.lambda$handle$2(Unknown Source)
	at java.base/java.util.concurrent.ThreadPoolExecutor.runWorker(Unknown Source)
	at java.base/java.util.concurrent.ThreadPoolExecutor$Worker.run(Unknown Source)
	at java.base/java.lang.Thread.run(Unknown Source)
Caused by: java.net.ConnectException: Permission denied: getsockopt
	at java.net.http/jdk.internal.net.http.common.Utils.toConnectException(Unknown Source)
	at java.net.http/jdk.internal.net.http.PlainHttpConnection$ConnectEvent.handle(Unknown Source)
	at java.net.http/jdk.internal.net.http.HttpClientImpl$SelectorManager.handleEvent(Unknown Source)
	at java.net.http/jdk.internal.net.http.HttpClientImpl$SelectorManager.lambda$run$3(Unknown Source)
	at java.base/java.util.ArrayList.forEach(Unknown Source)
	at java.net.http/jdk.internal.net.http.HttpClientImpl$SelectorManager.run(Unknown Source)
Caused by: java.net.SocketException: Permission denied: getsockopt
	at java.base/sun.nio.ch.Net.pollConnect(Native Method)
	at java.base/sun.nio.ch.Net.pollConnectNow(Unknown Source)
	at java.base/sun.nio.ch.SocketChannelImpl.finishConnect(Unknown Source)
	... 5 more
2026-09-07 10:28:07.915 INFO   [426169\E9E0BB] Job '426169\E9E0BB' started at 2026-09-07T04:58:07.915436Z
2026-09-07 10:28:11.046 INFO   [426169\E9E0BB] Auto-router pass #1 on board '0680cceb39774111fcfc2de01285d4ce' was completed in 2.80 seconds with the score of 909.71 (11 unrouted), using 5.44 CPU seconds and 1222 MB memory.
2026-09-07 10:28:11.827 INFO   [426169\E9E0BB] Auto-router pass #2 on board 'c6ef2936bfe8d2e77158c617968a8215' was completed in 0.74 seconds with the score of 957.31 (4 unrouted), using 5.44 CPU seconds and 1222 MB memory.
2026-09-07 10:28:12.396 INFO   [426169\E9E0BB] Auto-router pass #3 on board '801daddfa66f9d80fa6e6d07dc57e3d7' was completed in 0.53 seconds with the score of 957.53 (4 unrouted), using 9.19 CPU seconds and 1825 MB memory.
2026-09-07 10:28:13.384 INFO   [426169\E9E0BB] Auto-router pass #4 on board 'dd9c8b00c09b00f251dc0578113f92e5' was completed in 0.96 seconds with the score of 969.50 (2 unrouted), using 13.91 CPU seconds and 2312 MB memory.
2026-09-07 10:28:13.633 INFO   [426169\E9E0BB] Auto-router pass #5 on board '47955e8b5eced89b2714dd9d682aecf3' was completed in 0.21 seconds with the score of 974.91 (1 unrouted), using 13.91 CPU seconds and 2312 MB memory.
2026-09-07 10:28:13.945 INFO   [426169\E9E0BB] Auto-router pass #6 on board '1292c469cf05e04c65a9ec8c9e3dbbd2' was completed in 0.28 seconds with the score of 970.05 (2 unrouted), using 13.91 CPU seconds and 2312 MB memory.
2026-09-07 10:28:14.292 INFO   [426169\E9E0BB] Auto-router pass #7 on board '37a5d2a35c0b0e1d92807ffa41ba363c' was completed in 0.31 seconds with the score of 975.00 (1 unrouted), using 19.59 CPU seconds and 2930 MB memory.
2026-09-07 10:28:14.689 INFO   [426169\E9E0BB] Auto-router pass #8 on board 'f0d170669f019584a1a5a75cc61361fb' was completed in 0.37 seconds with the score of 975.69 (1 unrouted), using 19.59 CPU seconds and 2930 MB memory.
2026-09-07 10:28:14.827 INFO   [426169\E9E0BB] Auto-router pass #9 on board 'e2535fcbe4123e89e9420695b71430fb' was completed in 0.11 seconds with the score of 976.09 (1 unrouted), using 19.59 CPU seconds and 2930 MB memory.
2026-09-07 10:28:14.969 INFO   [426169\E9E0BB] Auto-router pass #10 on board 'b33e5bc6a16391a0e198ace739ddaec6' was completed in 0.12 seconds with the score of 975.69 (1 unrouted), using 26.25 CPU seconds and 3598 MB memory.
2026-09-07 10:28:15.109 INFO   [426169\E9E0BB] Auto-router pass #11 on board '0dca2bad6954712999d4164bc4f9befb' was completed in 0.11 seconds with the score of 976.09 (1 unrouted), using 26.25 CPU seconds and 3598 MB memory.
2026-09-07 10:28:15.337 INFO   [426169\E9E0BB] Restoring an earlier board that has the score of 976.09 (1 unrouted).
2026-09-07 10:28:15.337 INFO   [426169\E9E0BB] Auto-router pass #12 on board '09a3c5405ba9973505f9a7beadf4f9ea' was completed in 0.21 seconds with the score of 975.69 (1 unrouted), using 26.25 CPU seconds and 3598 MB memory.
2026-09-07 10:28:15.417 INFO   [426169\E9E0BB] Auto-router pass #13 on board '09a3c5405ba9973505f9a7beadf4f9ea' was completed in 0.07 seconds with the score of 976.23 (1 unrouted), using 26.25 CPU seconds and 3598 MB memory.
2026-09-07 10:28:15.506 INFO   [426169\E9E0BB] Auto-router pass #14 on board '8684893fb65771aed4223a924f5621bc' was completed in 0.07 seconds with the score of 975.69 (1 unrouted), using 26.25 CPU seconds and 3598 MB memory.
2026-09-07 10:28:15.595 INFO   [426169\E9E0BB] Auto-router pass #15 on board '4d30941510d0bc066669260025303d5c' was completed in 0.07 seconds with the score of 975.69 (1 unrouted), using 26.25 CPU seconds and 3598 MB memory.
2026-09-07 10:28:15.766 INFO   [426169\E9E0BB] Restoring an earlier board that has the score of 976.23 (1 unrouted).
2026-09-07 10:28:15.766 INFO   [426169\E9E0BB] Auto-router pass #16 on board '6ad5a01c6f217e05f134325d6a23b681' was completed in 0.15 seconds with the score of 975.69 (1 unrouted), using 26.25 CPU seconds and 3598 MB memory.
2026-09-07 10:28:15.831 INFO   [426169\E9E0BB] Auto-router pass #17 on board '8684893fb65771aed4223a924f5621bc' was completed in 0.06 seconds with the score of 975.69 (1 unrouted), using 26.25 CPU seconds and 3598 MB memory.
2026-09-07 10:28:15.903 INFO   [426169\E9E0BB] Auto-router pass #18 on board '6bbaaeda9718eab6bb41a33f9ca0fd51' was completed in 0.05 seconds with the score of 975.69 (1 unrouted), using 26.25 CPU seconds and 3598 MB memory.
2026-09-07 10:28:15.983 INFO   [426169\E9E0BB] Auto-router pass #19 on board 'ed7bad26dff0a1046308aff5a30f3bf9' was completed in 0.06 seconds with the score of 976.23 (1 unrouted), using 33.92 CPU seconds and 4432 MB memory.
2026-09-07 10:28:16.140 INFO   [426169\E9E0BB] Restoring an earlier board that has the score of 976.23 (1 unrouted).
2026-09-07 10:28:16.140 INFO   [426169\E9E0BB] Auto-router pass #20 on board '7a9abd3d669462bd9e8c06eb9682b970' was completed in 0.14 seconds with the score of 975.83 (1 unrouted), using 33.92 CPU seconds and 4432 MB memory.
2026-09-07 10:28:16.219 INFO   [426169\E9E0BB] Auto-router pass #21 on board '7a9abd3d669462bd9e8c06eb9682b970' was completed in 0.07 seconds with the score of 976.48 (1 unrouted), using 33.92 CPU seconds and 4432 MB memory.
2026-09-07 10:28:16.306 INFO   [426169\E9E0BB] Auto-router pass #22 on board '3c4c78aa2dfb71b502b79314481f8c3d' was completed in 0.07 seconds with the score of 976.09 (1 unrouted), using 33.92 CPU seconds and 4432 MB memory.
2026-09-07 10:28:16.393 INFO   [426169\E9E0BB] Auto-router pass #23 on board '90d6040823c4ded802562ade7060fe6c' was completed in 0.07 seconds with the score of 976.49 (1 unrouted), using 33.92 CPU seconds and 4432 MB memory.
2026-09-07 10:28:16.542 INFO   [426169\E9E0BB] Restoring an earlier board that has the score of 976.49 (1 unrouted).
2026-09-07 10:28:16.542 INFO   [426169\E9E0BB] Auto-router pass #24 on board 'f22646941cfa20ade968d95997c848aa' was completed in 0.13 seconds with the score of 976.23 (1 unrouted), using 33.92 CPU seconds and 4432 MB memory.
2026-09-07 10:28:16.611 INFO   [426169\E9E0BB] Auto-router pass #25 on board 'f22646941cfa20ade968d95997c848aa' was completed in 0.06 seconds with the score of 976.09 (1 unrouted), using 33.92 CPU seconds and 4432 MB memory.
2026-09-07 10:28:16.699 INFO   [426169\E9E0BB] Auto-router pass #26 on board 'd2c433eeefd01c94409b05cc9530b2cc' was completed in 0.07 seconds with the score of 976.09 (1 unrouted), using 33.92 CPU seconds and 4432 MB memory.
2026-09-07 10:28:16.785 INFO   [426169\E9E0BB] Auto-router pass #27 on board '91d701476f86373df58a876111868615' was completed in 0.07 seconds with the score of 976.61 (1 unrouted), using 33.92 CPU seconds and 4432 MB memory.
2026-09-07 10:28:16.981 INFO   [426169\E9E0BB] Auto-router pass #28 on board '16e293768e87e98b9925b354b415dbbd' was completed in 0.17 seconds with the score of 981.18, using 33.92 CPU seconds and 4432 MB memory.
2026-09-07 10:28:17.004 INFO   [426169\E9E0BB] Auto-router pass #29 on board '65d730da61d0283328276e7aa5631810' was completed in 0.00 seconds with the score of 981.18, using 42.56 CPU seconds and 5327 MB memory.
{
  "host": "KiCad's Pcbnew,10.0.6",
  "unit": "mm",
  "board": {
    "bounding_box": {
      "x": 1451.0,
      "y": -499.0,
      "width": 999.0,
      "height": -1701.0
    },
    "size": {
      "x": 0.0,
      "y": 0.0,
      "width": 452.0,
      "height": 1202.0
    }
  },
  "layers": {
    "total_count": 2,
    "signal_count": 2
  },
  "items": {
    "total_count": 858,
    "trace_count": 110,
    "via_count": 3,
    "conduction_area_count": 0,
    "drill_item_count": 95,
    "pin_count": 0,
    "component_count": 630,
    "other_count": 20
  },
  "components": {
    "total_count": 39
  },
  "pads": {
    "total_count": 95
  },
  "nets": {
    "total_count": 17,
    "class_count": 6
  },
  "connections": {
    "maximum_count": 184,
    "incomplete_count": 0
  },
  "traces": {
    "total_count": 110,
    "total_segment_count": 220,
    "total_length": 12600.497,
    "total_weighted_length": 5.3390436E7,
    "average_length": 114.54998,
    "total_vertical_length": 4806.59,
    "total_horizontal_length": 2457.596,
    "total_angled_length": 4172.9443
  },
  "bends": {
    "total_count": 110,
    "90_degree_count": 0,
    "45_degree_count": 110,
    "other_angle_count": 0
  },
  "vias": {
    "total_count": 3,
    "through_hole_count": 3,
    "blind_count": 0,
    "buried_count": 0
  },
  "clearance_violations": {
    "total_count": 0
  }
}
